  segname __ROM2
  segname __ROM
  segname __RAM
  segname __ZF
