  sectname __my_yyy
  sectname __my_ccc
  sectname __my_aaa
  sectname __my_bbb
  sectname __my_ddd
  sectname __my_xxx
  sectname __my_zzz
