__Z3barPN17_GLOBAL__N_anchor12myanonstructE
__ZN3wow17_GLOBAL__N_anchor5innerEv
__ZN17_GLOBAL__N_anchor3bazEPNS_12myanonstructE
__ZN17_GLOBAL__N_anchor3fooEv
